// Vitest Snapshot v1

exports[`matchSnapshot > toUpperCase 1`] = `"FOO1"`;
